.\mvnw.cmd : WARNING: A 
restricted method in 
java.lang.System has been 
called
At line:1 char:1
+ .\mvnw.cmd compile > 
..\compile_output.txt 
2>&1; Get-Content 
..\compi ...
+ ~~~~~~~~~~~~~~~~~~~~~~~~
~~~~~~~~~~~~~~~~~~~~~~~
    + CategoryInfo        
      : NotSpecified: (W  
  ARNING: A rest...has    
 been called:String) [    
], RemoteException
    + FullyQualifiedError 
   Id : NativeCommandErr  
  or
 
WARNING: 
java.lang.System::load 
has been called by org.fus
esource.jansi.internal.Jan
siLoader in an unnamed 
module (file:/C:/Users/WW/
.m2/wrapper/dists/apache-m
aven-3.9.6/0f95e7798d182e3
371f3fee6d8202d3a56e6d71df
d3a2402139882ef2fbe7476/li
b/jansi-2.4.0.jar)
WARNING: Use --enable-nati
ve-access=ALL-UNNAMED to 
avoid a warning for 
callers in this module
WARNING: Restricted 
methods will be blocked 
in a future release 
unless native access is 
enabled

WARNING: A terminally 
deprecated method in 
sun.misc.Unsafe has been 
called
WARNING: sun.misc.Unsafe::
objectFieldOffset has 
been called by com.google.
common.util.concurrent.Abs
tractFuture$UnsafeAtomicHe
lper (file:/C:/Users/WW/.m
2/wrapper/dists/apache-mav
en-3.9.6/0f95e7798d182e337
1f3fee6d8202d3a56e6d71dfd3
a2402139882ef2fbe7476/lib/
guava-32.0.1-jre.jar)
WARNING: Please consider 
reporting this to the 
maintainers of class com.g
oogle.common.util.concurre
nt.AbstractFuture$UnsafeAt
omicHelper
WARNING: sun.misc.Unsafe::
objectFieldOffset will be 
removed in a future 
release
[INFO] Scanning for projects...
[INFO] 
[INFO] ------------------< com.smartcampus:smart-campus-hub >------------------
[INFO] Building Smart Campus Operations Hub 0.0.1-SNAPSHOT
[INFO]   from pom.xml
[INFO] --------------------------------[ jar ]---------------------------------
[INFO] 
[INFO] --- resources:3.3.1:resources (default-resources) @ smart-campus-hub ---
[INFO] Copying 1 resource from src\main\resources to target\classes
[INFO] Copying 0 resource from src\main\resources to target\classes
[INFO] 
[INFO] --- compiler:3.11.0:compile (default-compile) @ smart-campus-hub ---
[INFO] Nothing to compile - all classes are up to date
[INFO] ------------------------------------------------------------------------
[INFO] BUILD SUCCESS
[INFO] ------------------------------------------------------------------------
[INFO] Total time:  0.934 s
[INFO] Finished at: 2026-04-08T09:49:31+05:30
[INFO] ------------------------------------------------------------------------
