.\mvnw.cmd : WARNING: A 
restricted method in 
java.lang.System has been 
called
At line:1 char:67
+ ... target -ErrorAction 
SilentlyContinue; 
.\mvnw.cmd compile 2>&1 | 
Out-F ...
+                         
                  
~~~~~~~~~~~~~~~~~~~~~~~
    + CategoryInfo        
      : NotSpecified: (W  
  ARNING: A rest...has    
 been called:String) [    
], RemoteException
    + FullyQualifiedError 
   Id : NativeCommandErr  
  or
 
WARNING: 
java.lang.System::load 
has been called by org.fus
esource.jansi.internal.Jan
siLoader in an unnamed 
module (file:/C:/Users/WW/
.m2/wrapper/dists/apache-m
aven-3.9.6/0f95e7798d182e3
371f3fee6d8202d3a56e6d71df
d3a2402139882ef2fbe7476/li
b/jansi-2.4.0.jar)
WARNING: Use --enable-nati
ve-access=ALL-UNNAMED to 
avoid a warning for 
callers in this module
WARNING: Restricted 
methods will be blocked 
in a future release 
unless native access is 
enabled

WARNING: A terminally 
deprecated method in 
sun.misc.Unsafe has been 
called
WARNING: sun.misc.Unsafe::
objectFieldOffset has 
been called by com.google.
common.util.concurrent.Abs
tractFuture$UnsafeAtomicHe
lper (file:/C:/Users/WW/.m
2/wrapper/dists/apache-mav
en-3.9.6/0f95e7798d182e337
1f3fee6d8202d3a56e6d71dfd3
a2402139882ef2fbe7476/lib/
guava-32.0.1-jre.jar)
WARNING: Please consider 
reporting this to the 
maintainers of class com.g
oogle.common.util.concurre
nt.AbstractFuture$UnsafeAt
omicHelper
WARNING: sun.misc.Unsafe::
objectFieldOffset will be 
removed in a future 
release
[INFO] Scanning for projects...
[INFO] 
[INFO] ------------------< com.smartcampus:smart-campus-hub >------------------
[INFO] Building Smart Campus Operations Hub 0.0.1-SNAPSHOT
[INFO]   from pom.xml
[INFO] --------------------------------[ jar ]---------------------------------
[INFO] 
[INFO] --- resources:3.3.1:resources (default-resources) @ smart-campus-hub ---
[INFO] Copying 1 resource from src\main\resources to target\classes
[INFO] Copying 0 resource from src\main\resources to target\classes
[INFO] 
[INFO] --- compiler:3.11.0:compile (default-compile) @ smart-campus-hub ---
[INFO] Changes detected - recompiling the module! :source
[INFO] Compiling 43 source files with javac [debug release 17] to target\classes
[INFO] -------------------------------------------------------------
[ERROR] COMPILATION ERROR : 
[INFO] -------------------------------------------------------------
[ERROR] /C:/Users/WW/Desktop/PAF-Project/Smart-Campus-Operations-Hub/backend/src/main/java/com/smartcampus/controller/AuthController.java:[31,31] variable authService not initialized in the default constructor
[ERROR] /C:/Users/WW/Desktop/PAF-Project/Smart-Campus-Operations-Hub/backend/src/main/java/com/smartcampus/service/impl/BookingServiceImpl.java:[63,9] cannot find symbol
  symbol:   variable log
  location: class com.smartcampus.service.impl.BookingServiceImpl
[ERROR] /C:/Users/WW/Desktop/PAF-Project/Smart-Campus-Operations-Hub/backend/src/main/java/com/smartcampus/service/impl/BookingServiceImpl.java:[63,81] cannot find symbol
  symbol:   method getResourceId()
  location: variable request of type com.smartcampus.dto.BookingDTO.BookingRequest
[ERROR] /C:/Users/WW/Desktop/PAF-Project/Smart-Campus-Operations-Hub/backend/src/main/java/com/smartcampus/service/impl/BookingServiceImpl.java:[66,35] cannot find symbol
  symbol:   method getStartTime()
  location: variable request of type com.smartcampus.dto.BookingDTO.BookingRequest
[ERROR] /C:/Users/WW/Desktop/PAF-Project/Smart-Campus-Operations-Hub/backend/src/main/java/com/smartcampus/service/impl/BookingServiceImpl.java:[66,59] cannot find symbol
  symbol:   method getEndTime()
  location: variable request of type com.smartcampus.dto.BookingDTO.BookingRequest
[ERROR] /C:/Users/WW/Desktop/PAF-Project/Smart-Campus-Operations-Hub/backend/src/main/java/com/smartcampus/service/impl/BookingServiceImpl.java:[69,20] cannot find symbol
  symbol:   method getAttendeeCount()
  location: variable request of type com.smartcampus.dto.BookingDTO.BookingRequest
[ERROR] /C:/Users/WW/Desktop/PAF-Project/Smart-Campus-Operations-Hub/backend/src/main/java/com/smartcampus/service/impl/BookingServiceImpl.java:[75,53] cannot find symbol
  symbol:   method getResourceId()
  location: variable request of type com.smartcampus.dto.BookingDTO.BookingRequest
[ERROR] /C:/Users/WW/Desktop/PAF-Project/Smart-Campus-Operations-Hub/backend/src/main/java/com/smartcampus/service/impl/BookingServiceImpl.java:[78,42] cannot find symbol
  symbol:   method getIsAvailable()
  location: variable resource of type com.smartcampus.model.Resource
[ERROR] /C:/Users/WW/Desktop/PAF-Project/Smart-Campus-Operations-Hub/backend/src/main/java/com/smartcampus/service/impl/BookingServiceImpl.java:[80,40] cannot find symbol
  symbol:   method getName()
  location: variable resource of type com.smartcampus.model.Resource
[ERROR] /C:/Users/WW/Desktop/PAF-Project/Smart-Campus-Operations-Hub/backend/src/main/java/com/smartcampus/service/impl/BookingServiceImpl.java:[86,34] cannot find symbol
  symbol:   method builder()
  location: class com.smartcampus.model.Booking
[ERROR] /C:/Users/WW/Desktop/PAF-Project/Smart-Campus-Operations-Hub/backend/src/main/java/com/smartcampus/service/impl/BookingServiceImpl.java:[88,37] cannot find symbol
  symbol:   method getId()
  location: variable resource of type com.smartcampus.model.Resource
[ERROR] /C:/Users/WW/Desktop/PAF-Project/Smart-Campus-Operations-Hub/backend/src/main/java/com/smartcampus/service/impl/BookingServiceImpl.java:[89,33] cannot find symbol
  symbol:   method getPurpose()
  location: variable request of type com.smartcampus.dto.BookingDTO.BookingRequest
[ERROR] /C:/Users/WW/Desktop/PAF-Project/Smart-Campus-Operations-Hub/backend/src/main/java/com/smartcampus/service/impl/BookingServiceImpl.java:[90,39] cannot find symbol
  symbol:   method getAttendeeCount()
  location: variable request of type com.smartcampus.dto.BookingDTO.BookingRequest
[ERROR] /C:/Users/WW/Desktop/PAF-Project/Smart-Campus-Operations-Hub/backend/src/main/java/com/smartcampus/service/impl/BookingServiceImpl.java:[91,35] cannot find symbol
  symbol:   method getStartTime()
  location: variable request of type com.smartcampus.dto.BookingDTO.BookingRequest
[ERROR] /C:/Users/WW/Desktop/PAF-Project/Smart-Campus-Operations-Hub/backend/src/main/java/com/smartcampus/service/impl/BookingServiceImpl.java:[92,33] cannot find symbol
  symbol:   method getEndTime()
  location: variable request of type com.smartcampus.dto.BookingDTO.BookingRequest
[ERROR] /C:/Users/WW/Desktop/PAF-Project/Smart-Campus-Operations-Hub/backend/src/main/java/com/smartcampus/service/impl/BookingServiceImpl.java:[99,9] cannot find symbol
  symbol:   variable log
  location: class com.smartcampus.service.impl.BookingServiceImpl
[ERROR] /C:/Users/WW/Desktop/PAF-Project/Smart-Campus-Operations-Hub/backend/src/main/java/com/smartcampus/service/impl/BookingServiceImpl.java:[99,66] cannot find symbol
  symbol:   method getId()
  location: variable booking of type com.smartcampus.model.Booking
[ERROR] /C:/Users/WW/Desktop/PAF-Project/Smart-Campus-Operations-Hub/backend/src/main/java/com/smartcampus/service/impl/BookingServiceImpl.java:[121,20] cannot find symbol
  symbol:   method getStatus()
  location: variable booking of type com.smartcampus.model.Booking
[ERROR] /C:/Users/WW/Desktop/PAF-Project/Smart-Campus-Operations-Hub/backend/src/main/java/com/smartcampus/service/impl/BookingServiceImpl.java:[122,61] cannot find symbol
  symbol:   method getStatus()
  location: variable booking of type com.smartcampus.model.Booking
[ERROR] /C:/Users/WW/Desktop/PAF-Project/Smart-Campus-Operations-Hub/backend/src/main/java/com/smartcampus/service/impl/BookingServiceImpl.java:[130,24] cannot find symbol
  symbol:   method getResourceId()
  location: variable booking of type com.smartcampus.model.Booking
[ERROR] /C:/Users/WW/Desktop/PAF-Project/Smart-Campus-Operations-Hub/backend/src/main/java/com/smartcampus/service/impl/BookingServiceImpl.java:[131,24] cannot find symbol
  symbol:   method getStartTime()
  location: variable booking of type com.smartcampus.model.Booking
[ERROR] /C:/Users/WW/Desktop/PAF-Project/Smart-Campus-Operations-Hub/backend/src/main/java/com/smartcampus/service/impl/BookingServiceImpl.java:[132,24] cannot find symbol
  symbol:   method getEndTime()
  location: variable booking of type com.smartcampus.model.Booking
[ERROR] /C:/Users/WW/Desktop/PAF-Project/Smart-Campus-Operations-Hub/backend/src/main/java/com/smartcampus/service/impl/BookingServiceImpl.java:[139,68] cannot find symbol
  symbol:   method getResourceId()
  location: variable booking of type com.smartcampus.model.Booking
[ERROR] /C:/Users/WW/Desktop/PAF-Project/Smart-Campus-Operations-Hub/backend/src/main/java/com/smartcampus/service/impl/BookingServiceImpl.java:[140,62] cannot find symbol
  symbol:   method getName()
  location: variable resource of type com.smartcampus.model.Resource
[ERROR] /C:/Users/WW/Desktop/PAF-Project/Smart-Campus-Operations-Hub/backend/src/main/java/com/smartcampus/service/impl/BookingServiceImpl.java:[140,82] cannot find symbol
  symbol:   method getResourceId()
  location: variable booking of type com.smartcampus.model.Booking
[ERROR] /C:/Users/WW/Desktop/PAF-Project/Smart-Campus-Operations-Hub/backend/src/main/java/com/smartcampus/service/impl/BookingServiceImpl.java:[142,13] cannot find symbol
  symbol:   variable log
  location: class com.smartcampus.service.impl.BookingServiceImpl
[ERROR] /C:/Users/WW/Desktop/PAF-Project/Smart-Campus-Operations-Hub/backend/src/main/java/com/smartcampus/service/impl/BookingServiceImpl.java:[143,28] cannot find symbol
  symbol:   method getResourceId()
  location: variable booking of type com.smartcampus.model.Booking
[ERROR] /C:/Users/WW/Desktop/PAF-Project/Smart-Campus-Operations-Hub/backend/src/main/java/com/smartcampus/service/impl/BookingServiceImpl.java:[143,53] cannot find symbol
  symbol:   method getStartTime()
  location: variable booking of type com.smartcampus.model.Booking
[ERROR] /C:/Users/WW/Desktop/PAF-Project/Smart-Campus-Operations-Hub/backend/src/main/java/com/smartcampus/service/impl/BookingServiceImpl.java:[143,77] cannot find symbol
  symbol:   method getEndTime()
  location: variable booking of type com.smartcampus.model.Booking
[ERROR] /C:/Users/WW/Desktop/PAF-Project/Smart-Campus-Operations-Hub/backend/src/main/java/com/smartcampus/service/impl/BookingServiceImpl.java:[150,29] cannot find symbol
  symbol:   method getStartTime()
  location: variable conflict of type com.smartcampus.model.Booking
[ERROR] /C:/Users/WW/Desktop/PAF-Project/Smart-Campus-Operations-Hub/backend/src/main/java/com/smartcampus/service/impl/BookingServiceImpl.java:[151,29] cannot find symbol
  symbol:   method getEndTime()
  location: variable conflict of type com.smartcampus.model.Booking
[ERROR] /C:/Users/WW/Desktop/PAF-Project/Smart-Campus-Operations-Hub/backend/src/main/java/com/smartcampus/service/impl/BookingServiceImpl.java:[159,16] cannot find symbol
  symbol:   method setStatus(com.smartcampus.model.BookingStatus)
  location: variable booking of type com.smartcampus.model.Booking
[ERROR] /C:/Users/WW/Desktop/PAF-Project/Smart-Campus-Operations-Hub/backend/src/main/java/com/smartcampus/service/impl/BookingServiceImpl.java:[160,16] cannot find symbol
  symbol:   method setAdminNote(java.lang.String)
  location: variable booking of type com.smartcampus.model.Booking
[ERROR] /C:/Users/WW/Desktop/PAF-Project/Smart-Campus-Operations-Hub/backend/src/main/java/com/smartcampus/service/impl/BookingServiceImpl.java:[161,16] cannot find symbol
  symbol:   method setApprovedAt(java.time.LocalDateTime)
  location: variable booking of type com.smartcampus.model.Booking
[ERROR] /C:/Users/WW/Desktop/PAF-Project/Smart-Campus-Operations-Hub/backend/src/main/java/com/smartcampus/service/impl/BookingServiceImpl.java:[165,9] cannot find symbol
  symbol:   variable log
  location: class com.smartcampus.service.impl.BookingServiceImpl
[ERROR] /C:/Users/WW/Desktop/PAF-Project/Smart-Campus-Operations-Hub/backend/src/main/java/com/smartcampus/service/impl/BookingServiceImpl.java:[167,41] cannot find symbol
  symbol:   method getUserId()
  location: variable booking of type com.smartcampus.model.Booking
[ERROR] /C:/Users/WW/Desktop/PAF-Project/Smart-Campus-Operations-Hub/backend/src/main/java/com/smartcampus/service/impl/BookingServiceImpl.java:[168,53] cannot find symbol
  symbol:   method getResourceId()
  location: variable booking of type com.smartcampus.model.Booking
[ERROR] /C:/Users/WW/Desktop/PAF-Project/Smart-Campus-Operations-Hub/backend/src/main/java/com/smartcampus/service/impl/BookingServiceImpl.java:[184,20] cannot find symbol
  symbol:   method getStatus()
  location: variable booking of type com.smartcampus.model.Booking
[ERROR] /C:/Users/WW/Desktop/PAF-Project/Smart-Campus-Operations-Hub/backend/src/main/java/com/smartcampus/service/impl/BookingServiceImpl.java:[185,61] cannot find symbol
  symbol:   method getStatus()
  location: variable booking of type com.smartcampus.model.Booking
[ERROR] /C:/Users/WW/Desktop/PAF-Project/Smart-Campus-Operations-Hub/backend/src/main/java/com/smartcampus/service/impl/BookingServiceImpl.java:[188,16] cannot find symbol
  symbol:   method setStatus(com.smartcampus.model.BookingStatus)
  location: variable booking of type com.smartcampus.model.Booking
[ERROR] /C:/Users/WW/Desktop/PAF-Project/Smart-Campus-Operations-Hub/backend/src/main/java/com/smartcampus/service/impl/BookingServiceImpl.java:[189,16] cannot find symbol
  symbol:   method setAdminNote(java.lang.String)
  location: variable booking of type com.smartcampus.model.Booking
[ERROR] /C:/Users/WW/Desktop/PAF-Project/Smart-Campus-Operations-Hub/backend/src/main/java/com/smartcampus/service/impl/BookingServiceImpl.java:[190,16] cannot find symbol
  symbol:   method setRejectedAt(java.time.LocalDateTime)
  location: variable booking of type com.smartcampus.model.Booking
[ERROR] /C:/Users/WW/Desktop/PAF-Project/Smart-Campus-Operations-Hub/backend/src/main/java/com/smartcampus/service/impl/BookingServiceImpl.java:[194,9] cannot find symbol
  symbol:   variable log
  location: class com.smartcampus.service.impl.BookingServiceImpl
[ERROR] /C:/Users/WW/Desktop/PAF-Project/Smart-Campus-Operations-Hub/backend/src/main/java/com/smartcampus/service/impl/BookingServiceImpl.java:[196,41] cannot find symbol
  symbol:   method getUserId()
  location: variable booking of type com.smartcampus.model.Booking
[ERROR] /C:/Users/WW/Desktop/PAF-Project/Smart-Campus-Operations-Hub/backend/src/main/java/com/smartcampus/service/impl/BookingServiceImpl.java:[197,53] cannot find symbol
  symbol:   method getResourceId()
  location: variable booking of type com.smartcampus.model.Booking
[ERROR] /C:/Users/WW/Desktop/PAF-Project/Smart-Campus-Operations-Hub/backend/src/main/java/com/smartcampus/service/impl/BookingServiceImpl.java:[218,34] cannot find symbol
  symbol:   method getUserId()
  location: variable booking of type com.smartcampus.model.Booking
[ERROR] /C:/Users/WW/Desktop/PAF-Project/Smart-Campus-Operations-Hub/backend/src/main/java/com/smartcampus/service/impl/BookingServiceImpl.java:[225,20] cannot find symbol
  symbol:   method getStatus()
  location: variable booking of type com.smartcampus.model.Booking
[ERROR] /C:/Users/WW/Desktop/PAF-Project/Smart-Campus-Operations-Hub/backend/src/main/java/com/smartcampus/service/impl/BookingServiceImpl.java:[226,27] cannot find symbol
  symbol:   method getStatus()
  location: variable booking of type com.smartcampus.model.Booking
[ERROR] /C:/Users/WW/Desktop/PAF-Project/Smart-Campus-Operations-Hub/backend/src/main/java/com/smartcampus/service/impl/BookingServiceImpl.java:[227,27] cannot find symbol
  symbol:   method getStatus()
  location: variable booking of type com.smartcampus.model.Booking
[ERROR] /C:/Users/WW/Desktop/PAF-Project/Smart-Campus-Operations-Hub/backend/src/main/java/com/smartcampus/service/impl/BookingServiceImpl.java:[228,61] cannot find symbol
  symbol:   method getStatus()
  location: variable booking of type com.smartcampus.model.Booking
[ERROR] /C:/Users/WW/Desktop/PAF-Project/Smart-Campus-Operations-Hub/backend/src/main/java/com/smartcampus/service/impl/BookingServiceImpl.java:[231,16] cannot find symbol
  symbol:   method setStatus(com.smartcampus.model.BookingStatus)
  location: variable booking of type com.smartcampus.model.Booking
[ERROR] /C:/Users/WW/Desktop/PAF-Project/Smart-Campus-Operations-Hub/backend/src/main/java/com/smartcampus/service/impl/BookingServiceImpl.java:[232,16] cannot find symbol
  symbol:   method setCancelledAt(java.time.LocalDateTime)
  location: variable booking of type com.smartcampus.model.Booking
[ERROR] /C:/Users/WW/Desktop/PAF-Project/Smart-Campus-Operations-Hub/backend/src/main/java/com/smartcampus/service/impl/BookingServiceImpl.java:[236,9] cannot find symbol
  symbol:   variable log
  location: class com.smartcampus.service.impl.BookingServiceImpl
[ERROR] /C:/Users/WW/Desktop/PAF-Project/Smart-Campus-Operations-Hub/backend/src/main/java/com/smartcampus/service/impl/BookingServiceImpl.java:[238,41] cannot find symbol
  symbol:   method getUserId()
  location: variable booking of type com.smartcampus.model.Booking
[ERROR] /C:/Users/WW/Desktop/PAF-Project/Smart-Campus-Operations-Hub/backend/src/main/java/com/smartcampus/service/impl/BookingServiceImpl.java:[239,53] cannot find symbol
  symbol:   method getResourceId()
  location: variable booking of type com.smartcampus.model.Booking
[ERROR] /C:/Users/WW/Desktop/PAF-Project/Smart-Campus-Operations-Hub/backend/src/main/java/com/smartcampus/service/impl/BookingServiceImpl.java:[304,42] cannot find symbol
  symbol:   method builder()
  location: class com.smartcampus.dto.BookingDTO.BookingResponse
[ERROR] /C:/Users/WW/Desktop/PAF-Project/Smart-Campus-Operations-Hub/backend/src/main/java/com/smartcampus/service/impl/BookingServiceImpl.java:[305,28] cannot find symbol
  symbol:   method getId()
  location: variable booking of type com.smartcampus.model.Booking
[ERROR] /C:/Users/WW/Desktop/PAF-Project/Smart-Campus-Operations-Hub/backend/src/main/java/com/smartcampus/service/impl/BookingServiceImpl.java:[306,32] cannot find symbol
  symbol:   method getStatus()
  location: variable booking of type com.smartcampus.model.Booking
[ERROR] /C:/Users/WW/Desktop/PAF-Project/Smart-Campus-Operations-Hub/backend/src/main/java/com/smartcampus/service/impl/BookingServiceImpl.java:[307,33] cannot find symbol
  symbol:   method getPurpose()
  location: variable booking of type com.smartcampus.model.Booking
[ERROR] /C:/Users/WW/Desktop/PAF-Project/Smart-Campus-Operations-Hub/backend/src/main/java/com/smartcampus/service/impl/BookingServiceImpl.java:[308,39] cannot find symbol
  symbol:   method getAttendeeCount()
  location: variable booking of type com.smartcampus.model.Booking
[ERROR] /C:/Users/WW/Desktop/PAF-Project/Smart-Campus-Operations-Hub/backend/src/main/java/com/smartcampus/service/impl/BookingServiceImpl.java:[309,35] cannot find symbol
  symbol:   method getStartTime()
  location: variable booking of type com.smartcampus.model.Booking
[ERROR] /C:/Users/WW/Desktop/PAF-Project/Smart-Campus-Operations-Hub/backend/src/main/java/com/smartcampus/service/impl/BookingServiceImpl.java:[310,33] cannot find symbol
  symbol:   method getEndTime()
  location: variable booking of type com.smartcampus.model.Booking
[ERROR] /C:/Users/WW/Desktop/PAF-Project/Smart-Campus-Operations-Hub/backend/src/main/java/com/smartcampus/service/impl/BookingServiceImpl.java:[311,35] cannot find symbol
  symbol:   method getAdminNote()
  location: variable booking of type com.smartcampus.model.Booking
[ERROR] /C:/Users/WW/Desktop/PAF-Project/Smart-Campus-Operations-Hub/backend/src/main/java/com/smartcampus/service/impl/BookingServiceImpl.java:[312,35] cannot find symbol
  symbol:   method getCreatedAt()
  location: variable booking of type com.smartcampus.model.Booking
[ERROR] /C:/Users/WW/Desktop/PAF-Project/Smart-Campus-Operations-Hub/backend/src/main/java/com/smartcampus/service/impl/BookingServiceImpl.java:[313,35] cannot find symbol
  symbol:   method getUpdatedAt()
  location: variable booking of type com.smartcampus.model.Booking
[ERROR] /C:/Users/WW/Desktop/PAF-Project/Smart-Campus-Operations-Hub/backend/src/main/java/com/smartcampus/service/impl/BookingServiceImpl.java:[314,36] cannot find symbol
  symbol:   method getApprovedAt()
  location: variable booking of type com.smartcampus.model.Booking
[ERROR] /C:/Users/WW/Desktop/PAF-Project/Smart-Campus-Operations-Hub/backend/src/main/java/com/smartcampus/service/impl/BookingServiceImpl.java:[315,36] cannot find symbol
  symbol:   method getRejectedAt()
  location: variable booking of type com.smartcampus.model.Booking
[ERROR] /C:/Users/WW/Desktop/PAF-Project/Smart-Campus-Operations-Hub/backend/src/main/java/com/smartcampus/service/impl/BookingServiceImpl.java:[316,37] cannot find symbol
  symbol:   method getCancelledAt()
  location: variable booking of type com.smartcampus.model.Booking
[ERROR] /C:/Users/WW/Desktop/PAF-Project/Smart-Campus-Operations-Hub/backend/src/main/java/com/smartcampus/service/impl/BookingServiceImpl.java:[318,88] cannot find symbol
  symbol:   method getEmail()
  location: variable user of type com.smartcampus.model.User
[ERROR] /C:/Users/WW/Desktop/PAF-Project/Smart-Campus-Operations-Hub/backend/src/main/java/com/smartcampus/service/impl/BookingServiceImpl.java:[318,72] cannot find symbol
  symbol:   method getName()
  location: variable user of type com.smartcampus.model.User
[ERROR] /C:/Users/WW/Desktop/PAF-Project/Smart-Campus-Operations-Hub/backend/src/main/java/com/smartcampus/service/impl/BookingServiceImpl.java:[318,58] cannot find symbol
  symbol:   method getId()
  location: variable user of type com.smartcampus.model.User
[ERROR] /C:/Users/WW/Desktop/PAF-Project/Smart-Campus-Operations-Hub/backend/src/main/java/com/smartcampus/service/impl/BookingServiceImpl.java:[321,128] cannot find symbol
  symbol:   method getType()
  location: variable resource of type com.smartcampus.model.Resource
[ERROR] /C:/Users/WW/Desktop/PAF-Project/Smart-Campus-Operations-Hub/backend/src/main/java/com/smartcampus/service/impl/BookingServiceImpl.java:[321,104] cannot find symbol
  symbol:   method getLocation()
  location: variable resource of type com.smartcampus.model.Resource
[ERROR] /C:/Users/WW/Desktop/PAF-Project/Smart-Campus-Operations-Hub/backend/src/main/java/com/smartcampus/service/impl/BookingServiceImpl.java:[321,84] cannot find symbol
  symbol:   method getName()
  location: variable resource of type com.smartcampus.model.Resource
[ERROR] /C:/Users/WW/Desktop/PAF-Project/Smart-Campus-Operations-Hub/backend/src/main/java/com/smartcampus/service/impl/BookingServiceImpl.java:[321,66] cannot find symbol
  symbol:   method getId()
  location: variable resource of type com.smartcampus.model.Resource
[ERROR] /C:/Users/WW/Desktop/PAF-Project/Smart-Campus-Operations-Hub/backend/src/main/java/com/smartcampus/service/impl/BookingServiceImpl.java:[328,52] cannot find symbol
  symbol:   method getUserId()
  location: variable booking of type com.smartcampus.model.Booking
[ERROR] /C:/Users/WW/Desktop/PAF-Project/Smart-Campus-Operations-Hub/backend/src/main/java/com/smartcampus/service/impl/BookingServiceImpl.java:[329,64] cannot find symbol
  symbol:   method getResourceId()
  location: variable booking of type com.smartcampus.model.Booking
[ERROR] /C:/Users/WW/Desktop/PAF-Project/Smart-Campus-Operations-Hub/backend/src/main/java/com/smartcampus/controller/BookingController.java:[142,42] cannot find symbol
  symbol:   method getNote()
  location: variable body of type com.smartcampus.dto.BookingDTO.AdminActionRequest
[ERROR] /C:/Users/WW/Desktop/PAF-Project/Smart-Campus-Operations-Hub/backend/src/main/java/com/smartcampus/controller/BookingController.java:[154,42] cannot find symbol
  symbol:   method getNote()
  location: variable body of type com.smartcampus.dto.BookingDTO.AdminActionRequest
[ERROR] /C:/Users/WW/Desktop/PAF-Project/Smart-Campus-Operations-Hub/backend/src/main/java/com/smartcampus/controller/BookingController.java:[179,17] cannot find symbol
  symbol:   method getId()
  location: class com.smartcampus.model.User
[ERROR] /C:/Users/WW/Desktop/PAF-Project/Smart-Campus-Operations-Hub/backend/src/main/java/com/smartcampus/service/impl/ResourceServiceImpl.java:[69,37] cannot find symbol
  symbol:   method builder()
  location: class com.smartcampus.model.Resource
[ERROR] /C:/Users/WW/Desktop/PAF-Project/Smart-Campus-Operations-Hub/backend/src/main/java/com/smartcampus/service/impl/ResourceServiceImpl.java:[70,30] cannot find symbol
  symbol:   method getName()
  location: variable request of type com.smartcampus.dto.ResourceDTO.ResourceRequest
[ERROR] /C:/Users/WW/Desktop/PAF-Project/Smart-Campus-Operations-Hub/backend/src/main/java/com/smartcampus/service/impl/ResourceServiceImpl.java:[71,37] cannot find symbol
  symbol:   method getDescription()
  location: variable request of type com.smartcampus.dto.ResourceDTO.ResourceRequest
[ERROR] /C:/Users/WW/Desktop/PAF-Project/Smart-Campus-Operations-Hub/backend/src/main/java/com/smartcampus/service/impl/ResourceServiceImpl.java:[72,30] cannot find symbol
  symbol:   method getType()
  location: variable request of type com.smartcampus.dto.ResourceDTO.ResourceRequest
[ERROR] /C:/Users/WW/Desktop/PAF-Project/Smart-Campus-Operations-Hub/backend/src/main/java/com/smartcampus/service/impl/ResourceServiceImpl.java:[73,34] cannot find symbol
  symbol:   method getLocation()
  location: variable request of type com.smartcampus.dto.ResourceDTO.ResourceRequest
[ERROR] /C:/Users/WW/Desktop/PAF-Project/Smart-Campus-Operations-Hub/backend/src/main/java/com/smartcampus/service/impl/ResourceServiceImpl.java:[74,34] cannot find symbol
  symbol:   method getCapacity()
  location: variable request of type com.smartcampus.dto.ResourceDTO.ResourceRequest
[ERROR] /C:/Users/WW/Desktop/PAF-Project/Smart-Campus-Operations-Hub/backend/src/main/java/com/smartcampus/service/impl/ResourceServiceImpl.java:[75,37] cannot find symbol
  symbol:   method getIsAvailable()
  location: variable request of type com.smartcampus.dto.ResourceDTO.ResourceRequest
[ERROR] /C:/Users/WW/Desktop/PAF-Project/Smart-Campus-Operations-Hub/backend/src/main/java/com/smartcampus/service/impl/ResourceServiceImpl.java:[75,72] cannot find symbol
  symbol:   method getIsAvailable()
  location: variable request of type com.smartcampus.dto.ResourceDTO.ResourceRequest
[ERROR] /C:/Users/WW/Desktop/PAF-Project/Smart-Campus-Operations-Hub/backend/src/main/java/com/smartcampus/service/impl/ResourceServiceImpl.java:[88,33] cannot find symbol
  symbol:   method getName()
  location: variable request of type com.smartcampus.dto.ResourceDTO.ResourceRequest
[ERROR] /C:/Users/WW/Desktop/PAF-Project/Smart-Campus-Operations-Hub/backend/src/main/java/com/smartcampus/service/impl/ResourceServiceImpl.java:[89,40] cannot find symbol
  symbol:   method getDescription()
  location: variable request of type com.smartcampus.dto.ResourceDTO.ResourceRequest
[ERROR] /C:/Users/WW/Desktop/PAF-Project/Smart-Campus-Operations-Hub/backend/src/main/java/com/smartcampus/service/impl/ResourceServiceImpl.java:[90,33] cannot find symbol
  symbol:   method getType()
  location: variable request of type com.smartcampus.dto.ResourceDTO.ResourceRequest
[ERROR] /C:/Users/WW/Desktop/PAF-Project/Smart-Campus-Operations-Hub/backend/src/main/java/com/smartcampus/service/impl/ResourceServiceImpl.java:[91,37] cannot find symbol
  symbol:   method getLocation()
  location: variable request of type com.smartcampus.dto.ResourceDTO.ResourceRequest
[ERROR] /C:/Users/WW/Desktop/PAF-Project/Smart-Campus-Operations-Hub/backend/src/main/java/com/smartcampus/service/impl/ResourceServiceImpl.java:[92,37] cannot find symbol
  symbol:   method getCapacity()
  location: variable request of type com.smartcampus.dto.ResourceDTO.ResourceRequest
[ERROR] /C:/Users/WW/Desktop/PAF-Project/Smart-Campus-Operations-Hub/backend/src/main/java/com/smartcampus/service/impl/ResourceServiceImpl.java:[93,20] cannot find symbol
  symbol:   method getIsAvailable()
  location: variable request of type com.smartcampus.dto.ResourceDTO.ResourceRequest
[ERROR] /C:/Users/WW/Desktop/PAF-Project/Smart-Campus-Operations-Hub/backend/src/main/java/com/smartcampus/service/impl/ResourceServiceImpl.java:[93,78] cannot find symbol
  symbol:   method getIsAvailable()
  location: variable request of type com.smartcampus.dto.ResourceDTO.ResourceRequest
[ERROR] /C:/Users/WW/Desktop/PAF-Project/Smart-Campus-Operations-Hub/backend/src/main/java/com/smartcampus/service/impl/ResourceServiceImpl.java:[109,44] cannot find symbol
  symbol:   method builder()
  location: class com.smartcampus.dto.ResourceDTO.ResourceResponse
[ERROR] /C:/Users/WW/Desktop/PAF-Project/Smart-Campus-Operations-Hub/backend/src/main/java/com/smartcampus/service/impl/ResourceServiceImpl.java:[110,29] cannot find symbol
  symbol:   method getId()
  location: variable resource of type com.smartcampus.model.Resource
[ERROR] /C:/Users/WW/Desktop/PAF-Project/Smart-Campus-Operations-Hub/backend/src/main/java/com/smartcampus/service/impl/ResourceServiceImpl.java:[111,31] cannot find symbol
  symbol:   method getName()
  location: variable resource of type com.smartcampus.model.Resource
[ERROR] /C:/Users/WW/Desktop/PAF-Project/Smart-Campus-Operations-Hub/backend/src/main/java/com/smartcampus/service/impl/ResourceServiceImpl.java:[112,38] cannot find symbol
  symbol:   method getDescription()
  location: variable resource of type com.smartcampus.model.Resource
[ERROR] /C:/Users/WW/Desktop/PAF-Project/Smart-Campus-Operations-Hub/backend/src/main/java/com/smartcampus/service/impl/ResourceServiceImpl.java:[113,31] cannot find symbol
  symbol:   method getType()
  location: variable resource of type com.smartcampus.model.Resource
[INFO] 100 errors 
[INFO] -------------------------------------------------------------
[INFO] ------------------------------------------------------------------------
[INFO] BUILD FAILURE
[INFO] ------------------------------------------------------------------------
[INFO] Total time:  3.376 s
[INFO] Finished at: 2026-04-08T00:06:01+05:30
[INFO] ------------------------------------------------------------------------
[ERROR] Failed to execute goal org.apache.maven.plugins:maven-compiler-plugin:3.11.0:compile (default-compile) on project smart-campus-hub: Compilation failure: Compilation failure: 
[ERROR] /C:/Users/WW/Desktop/PAF-Project/Smart-Campus-Operations-Hub/backend/src/main/java/com/smartcampus/controller/AuthController.java:[31,31] variable authService not initialized in the default constructor
[ERROR] /C:/Users/WW/Desktop/PAF-Project/Smart-Campus-Operations-Hub/backend/src/main/java/com/smartcampus/service/impl/BookingServiceImpl.java:[63,9] cannot find symbol
[ERROR]   symbol:   variable log
[ERROR]   location: class com.smartcampus.service.impl.BookingServiceImpl
[ERROR] /C:/Users/WW/Desktop/PAF-Project/Smart-Campus-Operations-Hub/backend/src/main/java/com/smartcampus/service/impl/BookingServiceImpl.java:[63,81] cannot find symbol
[ERROR]   symbol:   method getResourceId()
[ERROR]   location: variable request of type com.smartcampus.dto.BookingDTO.BookingRequest
[ERROR] /C:/Users/WW/Desktop/PAF-Project/Smart-Campus-Operations-Hub/backend/src/main/java/com/smartcampus/service/impl/BookingServiceImpl.java:[66,35] cannot find symbol
[ERROR]   symbol:   method getStartTime()
[ERROR]   location: variable request of type com.smartcampus.dto.BookingDTO.BookingRequest
[ERROR] /C:/Users/WW/Desktop/PAF-Project/Smart-Campus-Operations-Hub/backend/src/main/java/com/smartcampus/service/impl/BookingServiceImpl.java:[66,59] cannot find symbol
[ERROR]   symbol:   method getEndTime()
[ERROR]   location: variable request of type com.smartcampus.dto.BookingDTO.BookingRequest
[ERROR] /C:/Users/WW/Desktop/PAF-Project/Smart-Campus-Operations-Hub/backend/src/main/java/com/smartcampus/service/impl/BookingServiceImpl.java:[69,20] cannot find symbol
[ERROR]   symbol:   method getAttendeeCount()
[ERROR]   location: variable request of type com.smartcampus.dto.BookingDTO.BookingRequest
[ERROR] /C:/Users/WW/Desktop/PAF-Project/Smart-Campus-Operations-Hub/backend/src/main/java/com/smartcampus/service/impl/BookingServiceImpl.java:[75,53] cannot find symbol
[ERROR]   symbol:   method getResourceId()
[ERROR]   location: variable request of type com.smartcampus.dto.BookingDTO.BookingRequest
[ERROR] /C:/Users/WW/Desktop/PAF-Project/Smart-Campus-Operations-Hub/backend/src/main/java/com/smartcampus/service/impl/BookingServiceImpl.java:[78,42] cannot find symbol
[ERROR]   symbol:   method getIsAvailable()
[ERROR]   location: variable resource of type com.smartcampus.model.Resource
[ERROR] /C:/Users/WW/Desktop/PAF-Project/Smart-Campus-Operations-Hub/backend/src/main/java/com/smartcampus/service/impl/BookingServiceImpl.java:[80,40] cannot find symbol
[ERROR]   symbol:   method getName()
[ERROR]   location: variable resource of type com.smartcampus.model.Resource
[ERROR] /C:/Users/WW/Desktop/PAF-Project/Smart-Campus-Operations-Hub/backend/src/main/java/com/smartcampus/service/impl/BookingServiceImpl.java:[86,34] cannot find symbol
[ERROR]   symbol:   method builder()
[ERROR]   location: class com.smartcampus.model.Booking
[ERROR] /C:/Users/WW/Desktop/PAF-Project/Smart-Campus-Operations-Hub/backend/src/main/java/com/smartcampus/service/impl/BookingServiceImpl.java:[88,37] cannot find symbol
[ERROR]   symbol:   method getId()
[ERROR]   location: variable resource of type com.smartcampus.model.Resource
[ERROR] /C:/Users/WW/Desktop/PAF-Project/Smart-Campus-Operations-Hub/backend/src/main/java/com/smartcampus/service/impl/BookingServiceImpl.java:[89,33] cannot find symbol
[ERROR]   symbol:   method getPurpose()
[ERROR]   location: variable request of type com.smartcampus.dto.BookingDTO.BookingRequest
[ERROR] /C:/Users/WW/Desktop/PAF-Project/Smart-Campus-Operations-Hub/backend/src/main/java/com/smartcampus/service/impl/BookingServiceImpl.java:[90,39] cannot find symbol
[ERROR]   symbol:   method getAttendeeCount()
[ERROR]   location: variable request of type com.smartcampus.dto.BookingDTO.BookingRequest
[ERROR] /C:/Users/WW/Desktop/PAF-Project/Smart-Campus-Operations-Hub/backend/src/main/java/com/smartcampus/service/impl/BookingServiceImpl.java:[91,35] cannot find symbol
[ERROR]   symbol:   method getStartTime()
[ERROR]   location: variable request of type com.smartcampus.dto.BookingDTO.BookingRequest
[ERROR] /C:/Users/WW/Desktop/PAF-Project/Smart-Campus-Operations-Hub/backend/src/main/java/com/smartcampus/service/impl/BookingServiceImpl.java:[92,33] cannot find symbol
[ERROR]   symbol:   method getEndTime()
[ERROR]   location: variable request of type com.smartcampus.dto.BookingDTO.BookingRequest
[ERROR] /C:/Users/WW/Desktop/PAF-Project/Smart-Campus-Operations-Hub/backend/src/main/java/com/smartcampus/service/impl/BookingServiceImpl.java:[99,9] cannot find symbol
[ERROR]   symbol:   variable log
[ERROR]   location: class com.smartcampus.service.impl.BookingServiceImpl
[ERROR] /C:/Users/WW/Desktop/PAF-Project/Smart-Campus-Operations-Hub/backend/src/main/java/com/smartcampus/service/impl/BookingServiceImpl.java:[99,66] cannot find symbol
[ERROR]   symbol:   method getId()
[ERROR]   location: variable booking of type com.smartcampus.model.Booking
[ERROR] /C:/Users/WW/Desktop/PAF-Project/Smart-Campus-Operations-Hub/backend/src/main/java/com/smartcampus/service/impl/BookingServiceImpl.java:[121,20] cannot find symbol
[ERROR]   symbol:   method getStatus()
[ERROR]   location: variable booking of type com.smartcampus.model.Booking
[ERROR] /C:/Users/WW/Desktop/PAF-Project/Smart-Campus-Operations-Hub/backend/src/main/java/com/smartcampus/service/impl/BookingServiceImpl.java:[122,61] cannot find symbol
[ERROR]   symbol:   method getStatus()
[ERROR]   location: variable booking of type com.smartcampus.model.Booking
[ERROR] /C:/Users/WW/Desktop/PAF-Project/Smart-Campus-Operations-Hub/backend/src/main/java/com/smartcampus/service/impl/BookingServiceImpl.java:[130,24] cannot find symbol
[ERROR]   symbol:   method getResourceId()
[ERROR]   location: variable booking of type com.smartcampus.model.Booking
[ERROR] /C:/Users/WW/Desktop/PAF-Project/Smart-Campus-Operations-Hub/backend/src/main/java/com/smartcampus/service/impl/BookingServiceImpl.java:[131,24] cannot find symbol
[ERROR]   symbol:   method getStartTime()
[ERROR]   location: variable booking of type com.smartcampus.model.Booking
[ERROR] /C:/Users/WW/Desktop/PAF-Project/Smart-Campus-Operations-Hub/backend/src/main/java/com/smartcampus/service/impl/BookingServiceImpl.java:[132,24] cannot find symbol
[ERROR]   symbol:   method getEndTime()
[ERROR]   location: variable booking of type com.smartcampus.model.Booking
[ERROR] /C:/Users/WW/Desktop/PAF-Project/Smart-Campus-Operations-Hub/backend/src/main/java/com/smartcampus/service/impl/BookingServiceImpl.java:[139,68] cannot find symbol
[ERROR]   symbol:   method getResourceId()
[ERROR]   location: variable booking of type com.smartcampus.model.Booking
[ERROR] /C:/Users/WW/Desktop/PAF-Project/Smart-Campus-Operations-Hub/backend/src/main/java/com/smartcampus/service/impl/BookingServiceImpl.java:[140,62] cannot find symbol
[ERROR]   symbol:   method getName()
[ERROR]   location: variable resource of type com.smartcampus.model.Resource
[ERROR] /C:/Users/WW/Desktop/PAF-Project/Smart-Campus-Operations-Hub/backend/src/main/java/com/smartcampus/service/impl/BookingServiceImpl.java:[140,82] cannot find symbol
[ERROR]   symbol:   method getResourceId()
[ERROR]   location: variable booking of type com.smartcampus.model.Booking
[ERROR] /C:/Users/WW/Desktop/PAF-Project/Smart-Campus-Operations-Hub/backend/src/main/java/com/smartcampus/service/impl/BookingServiceImpl.java:[142,13] cannot find symbol
[ERROR]   symbol:   variable log
[ERROR]   location: class com.smartcampus.service.impl.BookingServiceImpl
[ERROR] /C:/Users/WW/Desktop/PAF-Project/Smart-Campus-Operations-Hub/backend/src/main/java/com/smartcampus/service/impl/BookingServiceImpl.java:[143,28] cannot find symbol
[ERROR]   symbol:   method getResourceId()
[ERROR]   location: variable booking of type com.smartcampus.model.Booking
[ERROR] /C:/Users/WW/Desktop/PAF-Project/Smart-Campus-Operations-Hub/backend/src/main/java/com/smartcampus/service/impl/BookingServiceImpl.java:[143,53] cannot find symbol
[ERROR]   symbol:   method getStartTime()
[ERROR]   location: variable booking of type com.smartcampus.model.Booking
[ERROR] /C:/Users/WW/Desktop/PAF-Project/Smart-Campus-Operations-Hub/backend/src/main/java/com/smartcampus/service/impl/BookingServiceImpl.java:[143,77] cannot find symbol
[ERROR]   symbol:   method getEndTime()
[ERROR]   location: variable booking of type com.smartcampus.model.Booking
[ERROR] /C:/Users/WW/Desktop/PAF-Project/Smart-Campus-Operations-Hub/backend/src/main/java/com/smartcampus/service/impl/BookingServiceImpl.java:[150,29] cannot find symbol
[ERROR]   symbol:   method getStartTime()
[ERROR]   location: variable conflict of type com.smartcampus.model.Booking
[ERROR] /C:/Users/WW/Desktop/PAF-Project/Smart-Campus-Operations-Hub/backend/src/main/java/com/smartcampus/service/impl/BookingServiceImpl.java:[151,29] cannot find symbol
[ERROR]   symbol:   method getEndTime()
[ERROR]   location: variable conflict of type com.smartcampus.model.Booking
[ERROR] /C:/Users/WW/Desktop/PAF-Project/Smart-Campus-Operations-Hub/backend/src/main/java/com/smartcampus/service/impl/BookingServiceImpl.java:[159,16] cannot find symbol
[ERROR]   symbol:   method setStatus(com.smartcampus.model.BookingStatus)
[ERROR]   location: variable booking of type com.smartcampus.model.Booking
[ERROR] /C:/Users/WW/Desktop/PAF-Project/Smart-Campus-Operations-Hub/backend/src/main/java/com/smartcampus/service/impl/BookingServiceImpl.java:[160,16] cannot find symbol
[ERROR]   symbol:   method setAdminNote(java.lang.String)
[ERROR]   location: variable booking of type com.smartcampus.model.Booking
[ERROR] /C:/Users/WW/Desktop/PAF-Project/Smart-Campus-Operations-Hub/backend/src/main/java/com/smartcampus/service/impl/BookingServiceImpl.java:[161,16] cannot find symbol
[ERROR]   symbol:   method setApprovedAt(java.time.LocalDateTime)
[ERROR]   location: variable booking of type com.smartcampus.model.Booking
[ERROR] /C:/Users/WW/Desktop/PAF-Project/Smart-Campus-Operations-Hub/backend/src/main/java/com/smartcampus/service/impl/BookingServiceImpl.java:[165,9] cannot find symbol
[ERROR]   symbol:   variable log
[ERROR]   location: class com.smartcampus.service.impl.BookingServiceImpl
[ERROR] /C:/Users/WW/Desktop/PAF-Project/Smart-Campus-Operations-Hub/backend/src/main/java/com/smartcampus/service/impl/BookingServiceImpl.java:[167,41] cannot find symbol
[ERROR]   symbol:   method getUserId()
[ERROR]   location: variable booking of type com.smartcampus.model.Booking
[ERROR] /C:/Users/WW/Desktop/PAF-Project/Smart-Campus-Operations-Hub/backend/src/main/java/com/smartcampus/service/impl/BookingServiceImpl.java:[168,53] cannot find symbol
[ERROR]   symbol:   method getResourceId()
[ERROR]   location: variable booking of type com.smartcampus.model.Booking
[ERROR] /C:/Users/WW/Desktop/PAF-Project/Smart-Campus-Operations-Hub/backend/src/main/java/com/smartcampus/service/impl/BookingServiceImpl.java:[184,20] cannot find symbol
[ERROR]   symbol:   method getStatus()
[ERROR]   location: variable booking of type com.smartcampus.model.Booking
[ERROR] /C:/Users/WW/Desktop/PAF-Project/Smart-Campus-Operations-Hub/backend/src/main/java/com/smartcampus/service/impl/BookingServiceImpl.java:[185,61] cannot find symbol
[ERROR]   symbol:   method getStatus()
[ERROR]   location: variable booking of type com.smartcampus.model.Booking
[ERROR] /C:/Users/WW/Desktop/PAF-Project/Smart-Campus-Operations-Hub/backend/src/main/java/com/smartcampus/service/impl/BookingServiceImpl.java:[188,16] cannot find symbol
[ERROR]   symbol:   method setStatus(com.smartcampus.model.BookingStatus)
[ERROR]   location: variable booking of type com.smartcampus.model.Booking
[ERROR] /C:/Users/WW/Desktop/PAF-Project/Smart-Campus-Operations-Hub/backend/src/main/java/com/smartcampus/service/impl/BookingServiceImpl.java:[189,16] cannot find symbol
[ERROR]   symbol:   method setAdminNote(java.lang.String)
[ERROR]   location: variable booking of type com.smartcampus.model.Booking
[ERROR] /C:/Users/WW/Desktop/PAF-Project/Smart-Campus-Operations-Hub/backend/src/main/java/com/smartcampus/service/impl/BookingServiceImpl.java:[190,16] cannot find symbol
[ERROR]   symbol:   method setRejectedAt(java.time.LocalDateTime)
[ERROR]   location: variable booking of type com.smartcampus.model.Booking
[ERROR] /C:/Users/WW/Desktop/PAF-Project/Smart-Campus-Operations-Hub/backend/src/main/java/com/smartcampus/service/impl/BookingServiceImpl.java:[194,9] cannot find symbol
[ERROR]   symbol:   variable log
[ERROR]   location: class com.smartcampus.service.impl.BookingServiceImpl
[ERROR] /C:/Users/WW/Desktop/PAF-Project/Smart-Campus-Operations-Hub/backend/src/main/java/com/smartcampus/service/impl/BookingServiceImpl.java:[196,41] cannot find symbol
[ERROR]   symbol:   method getUserId()
[ERROR]   location: variable booking of type com.smartcampus.model.Booking
[ERROR] /C:/Users/WW/Desktop/PAF-Project/Smart-Campus-Operations-Hub/backend/src/main/java/com/smartcampus/service/impl/BookingServiceImpl.java:[197,53] cannot find symbol
[ERROR]   symbol:   method getResourceId()
[ERROR]   location: variable booking of type com.smartcampus.model.Booking
[ERROR] /C:/Users/WW/Desktop/PAF-Project/Smart-Campus-Operations-Hub/backend/src/main/java/com/smartcampus/service/impl/BookingServiceImpl.java:[218,34] cannot find symbol
[ERROR]   symbol:   method getUserId()
[ERROR]   location: variable booking of type com.smartcampus.model.Booking
[ERROR] /C:/Users/WW/Desktop/PAF-Project/Smart-Campus-Operations-Hub/backend/src/main/java/com/smartcampus/service/impl/BookingServiceImpl.java:[225,20] cannot find symbol
[ERROR]   symbol:   method getStatus()
[ERROR]   location: variable booking of type com.smartcampus.model.Booking
[ERROR] /C:/Users/WW/Desktop/PAF-Project/Smart-Campus-Operations-Hub/backend/src/main/java/com/smartcampus/service/impl/BookingServiceImpl.java:[226,27] cannot find symbol
[ERROR]   symbol:   method getStatus()
[ERROR]   location: variable booking of type com.smartcampus.model.Booking
[ERROR] /C:/Users/WW/Desktop/PAF-Project/Smart-Campus-Operations-Hub/backend/src/main/java/com/smartcampus/service/impl/BookingServiceImpl.java:[227,27] cannot find symbol
[ERROR]   symbol:   method getStatus()
[ERROR]   location: variable booking of type com.smartcampus.model.Booking
[ERROR] /C:/Users/WW/Desktop/PAF-Project/Smart-Campus-Operations-Hub/backend/src/main/java/com/smartcampus/service/impl/BookingServiceImpl.java:[228,61] cannot find symbol
[ERROR]   symbol:   method getStatus()
[ERROR]   location: variable booking of type com.smartcampus.model.Booking
[ERROR] /C:/Users/WW/Desktop/PAF-Project/Smart-Campus-Operations-Hub/backend/src/main/java/com/smartcampus/service/impl/BookingServiceImpl.java:[231,16] cannot find symbol
[ERROR]   symbol:   method setStatus(com.smartcampus.model.BookingStatus)
[ERROR]   location: variable booking of type com.smartcampus.model.Booking
[ERROR] /C:/Users/WW/Desktop/PAF-Project/Smart-Campus-Operations-Hub/backend/src/main/java/com/smartcampus/service/impl/BookingServiceImpl.java:[232,16] cannot find symbol
[ERROR]   symbol:   method setCancelledAt(java.time.LocalDateTime)
[ERROR]   location: variable booking of type com.smartcampus.model.Booking
[ERROR] /C:/Users/WW/Desktop/PAF-Project/Smart-Campus-Operations-Hub/backend/src/main/java/com/smartcampus/service/impl/BookingServiceImpl.java:[236,9] cannot find symbol
[ERROR]   symbol:   variable log
[ERROR]   location: class com.smartcampus.service.impl.BookingServiceImpl
[ERROR] /C:/Users/WW/Desktop/PAF-Project/Smart-Campus-Operations-Hub/backend/src/main/java/com/smartcampus/service/impl/BookingServiceImpl.java:[238,41] cannot find symbol
[ERROR]   symbol:   method getUserId()
[ERROR]   location: variable booking of type com.smartcampus.model.Booking
[ERROR] /C:/Users/WW/Desktop/PAF-Project/Smart-Campus-Operations-Hub/backend/src/main/java/com/smartcampus/service/impl/BookingServiceImpl.java:[239,53] cannot find symbol
[ERROR]   symbol:   method getResourceId()
[ERROR]   location: variable booking of type com.smartcampus.model.Booking
[ERROR] /C:/Users/WW/Desktop/PAF-Project/Smart-Campus-Operations-Hub/backend/src/main/java/com/smartcampus/service/impl/BookingServiceImpl.java:[304,42] cannot find symbol
[ERROR]   symbol:   method builder()
[ERROR]   location: class com.smartcampus.dto.BookingDTO.BookingResponse
[ERROR] /C:/Users/WW/Desktop/PAF-Project/Smart-Campus-Operations-Hub/backend/src/main/java/com/smartcampus/service/impl/BookingServiceImpl.java:[305,28] cannot find symbol
[ERROR]   symbol:   method getId()
[ERROR]   location: variable booking of type com.smartcampus.model.Booking
[ERROR] /C:/Users/WW/Desktop/PAF-Project/Smart-Campus-Operations-Hub/backend/src/main/java/com/smartcampus/service/impl/BookingServiceImpl.java:[306,32] cannot find symbol
[ERROR]   symbol:   method getStatus()
[ERROR]   location: variable booking of type com.smartcampus.model.Booking
[ERROR] /C:/Users/WW/Desktop/PAF-Project/Smart-Campus-Operations-Hub/backend/src/main/java/com/smartcampus/service/impl/BookingServiceImpl.java:[307,33] cannot find symbol
[ERROR]   symbol:   method getPurpose()
[ERROR]   location: variable booking of type com.smartcampus.model.Booking
[ERROR] /C:/Users/WW/Desktop/PAF-Project/Smart-Campus-Operations-Hub/backend/src/main/java/com/smartcampus/service/impl/BookingServiceImpl.java:[308,39] cannot find symbol
[ERROR]   symbol:   method getAttendeeCount()
[ERROR]   location: variable booking of type com.smartcampus.model.Booking
[ERROR] /C:/Users/WW/Desktop/PAF-Project/Smart-Campus-Operations-Hub/backend/src/main/java/com/smartcampus/service/impl/BookingServiceImpl.java:[309,35] cannot find symbol
[ERROR]   symbol:   method getStartTime()
[ERROR]   location: variable booking of type com.smartcampus.model.Booking
[ERROR] /C:/Users/WW/Desktop/PAF-Project/Smart-Campus-Operations-Hub/backend/src/main/java/com/smartcampus/service/impl/BookingServiceImpl.java:[310,33] cannot find symbol
[ERROR]   symbol:   method getEndTime()
[ERROR]   location: variable booking of type com.smartcampus.model.Booking
[ERROR] /C:/Users/WW/Desktop/PAF-Project/Smart-Campus-Operations-Hub/backend/src/main/java/com/smartcampus/service/impl/BookingServiceImpl.java:[311,35] cannot find symbol
[ERROR]   symbol:   method getAdminNote()
[ERROR]   location: variable booking of type com.smartcampus.model.Booking
[ERROR] /C:/Users/WW/Desktop/PAF-Project/Smart-Campus-Operations-Hub/backend/src/main/java/com/smartcampus/service/impl/BookingServiceImpl.java:[312,35] cannot find symbol
[ERROR]   symbol:   method getCreatedAt()
[ERROR]   location: variable booking of type com.smartcampus.model.Booking
[ERROR] /C:/Users/WW/Desktop/PAF-Project/Smart-Campus-Operations-Hub/backend/src/main/java/com/smartcampus/service/impl/BookingServiceImpl.java:[313,35] cannot find symbol
[ERROR]   symbol:   method getUpdatedAt()
[ERROR]   location: variable booking of type com.smartcampus.model.Booking
[ERROR] /C:/Users/WW/Desktop/PAF-Project/Smart-Campus-Operations-Hub/backend/src/main/java/com/smartcampus/service/impl/BookingServiceImpl.java:[314,36] cannot find symbol
[ERROR]   symbol:   method getApprovedAt()
[ERROR]   location: variable booking of type com.smartcampus.model.Booking
[ERROR] /C:/Users/WW/Desktop/PAF-Project/Smart-Campus-Operations-Hub/backend/src/main/java/com/smartcampus/service/impl/BookingServiceImpl.java:[315,36] cannot find symbol
[ERROR]   symbol:   method getRejectedAt()
[ERROR]   location: variable booking of type com.smartcampus.model.Booking
[ERROR] /C:/Users/WW/Desktop/PAF-Project/Smart-Campus-Operations-Hub/backend/src/main/java/com/smartcampus/service/impl/BookingServiceImpl.java:[316,37] cannot find symbol
[ERROR]   symbol:   method getCancelledAt()
[ERROR]   location: variable booking of type com.smartcampus.model.Booking
[ERROR] /C:/Users/WW/Desktop/PAF-Project/Smart-Campus-Operations-Hub/backend/src/main/java/com/smartcampus/service/impl/BookingServiceImpl.java:[318,88] cannot find symbol
[ERROR]   symbol:   method getEmail()
[ERROR]   location: variable user of type com.smartcampus.model.User
[ERROR] /C:/Users/WW/Desktop/PAF-Project/Smart-Campus-Operations-Hub/backend/src/main/java/com/smartcampus/service/impl/BookingServiceImpl.java:[318,72] cannot find symbol
[ERROR]   symbol:   method getName()
[ERROR]   location: variable user of type com.smartcampus.model.User
[ERROR] /C:/Users/WW/Desktop/PAF-Project/Smart-Campus-Operations-Hub/backend/src/main/java/com/smartcampus/service/impl/BookingServiceImpl.java:[318,58] cannot find symbol
[ERROR]   symbol:   method getId()
[ERROR]   location: variable user of type com.smartcampus.model.User
[ERROR] /C:/Users/WW/Desktop/PAF-Project/Smart-Campus-Operations-Hub/backend/src/main/java/com/smartcampus/service/impl/BookingServiceImpl.java:[321,128] cannot find symbol
[ERROR]   symbol:   method getType()
[ERROR]   location: variable resource of type com.smartcampus.model.Resource
[ERROR] /C:/Users/WW/Desktop/PAF-Project/Smart-Campus-Operations-Hub/backend/src/main/java/com/smartcampus/service/impl/BookingServiceImpl.java:[321,104] cannot find symbol
[ERROR]   symbol:   method getLocation()
[ERROR]   location: variable resource of type com.smartcampus.model.Resource
[ERROR] /C:/Users/WW/Desktop/PAF-Project/Smart-Campus-Operations-Hub/backend/src/main/java/com/smartcampus/service/impl/BookingServiceImpl.java:[321,84] cannot find symbol
[ERROR]   symbol:   method getName()
[ERROR]   location: variable resource of type com.smartcampus.model.Resource
[ERROR] /C:/Users/WW/Desktop/PAF-Project/Smart-Campus-Operations-Hub/backend/src/main/java/com/smartcampus/service/impl/BookingServiceImpl.java:[321,66] cannot find symbol
[ERROR]   symbol:   method getId()
[ERROR]   location: variable resource of type com.smartcampus.model.Resource
[ERROR] /C:/Users/WW/Desktop/PAF-Project/Smart-Campus-Operations-Hub/backend/src/main/java/com/smartcampus/service/impl/BookingServiceImpl.java:[328,52] cannot find symbol
[ERROR]   symbol:   method getUserId()
[ERROR]   location: variable booking of type com.smartcampus.model.Booking
[ERROR] /C:/Users/WW/Desktop/PAF-Project/Smart-Campus-Operations-Hub/backend/src/main/java/com/smartcampus/service/impl/BookingServiceImpl.java:[329,64] cannot find symbol
[ERROR]   symbol:   method getResourceId()
[ERROR]   location: variable booking of type com.smartcampus.model.Booking
[ERROR] /C:/Users/WW/Desktop/PAF-Project/Smart-Campus-Operations-Hub/backend/src/main/java/com/smartcampus/controller/BookingController.java:[142,42] cannot find symbol
[ERROR]   symbol:   method getNote()
[ERROR]   location: variable body of type com.smartcampus.dto.BookingDTO.AdminActionRequest
[ERROR] /C:/Users/WW/Desktop/PAF-Project/Smart-Campus-Operations-Hub/backend/src/main/java/com/smartcampus/controller/BookingController.java:[154,42] cannot find symbol
[ERROR]   symbol:   method getNote()
[ERROR]   location: variable body of type com.smartcampus.dto.BookingDTO.AdminActionRequest
[ERROR] /C:/Users/WW/Desktop/PAF-Project/Smart-Campus-Operations-Hub/backend/src/main/java/com/smartcampus/controller/BookingController.java:[179,17] cannot find symbol
[ERROR]   symbol:   method getId()
[ERROR]   location: class com.smartcampus.model.User
[ERROR] /C:/Users/WW/Desktop/PAF-Project/Smart-Campus-Operations-Hub/backend/src/main/java/com/smartcampus/service/impl/ResourceServiceImpl.java:[69,37] cannot find symbol
[ERROR]   symbol:   method builder()
[ERROR]   location: class com.smartcampus.model.Resource
[ERROR] /C:/Users/WW/Desktop/PAF-Project/Smart-Campus-Operations-Hub/backend/src/main/java/com/smartcampus/service/impl/ResourceServiceImpl.java:[70,30] cannot find symbol
[ERROR]   symbol:   method getName()
[ERROR]   location: variable request of type com.smartcampus.dto.ResourceDTO.ResourceRequest
[ERROR] /C:/Users/WW/Desktop/PAF-Project/Smart-Campus-Operations-Hub/backend/src/main/java/com/smartcampus/service/impl/ResourceServiceImpl.java:[71,37] cannot find symbol
[ERROR]   symbol:   method getDescription()
[ERROR]   location: variable request of type com.smartcampus.dto.ResourceDTO.ResourceRequest
[ERROR] /C:/Users/WW/Desktop/PAF-Project/Smart-Campus-Operations-Hub/backend/src/main/java/com/smartcampus/service/impl/ResourceServiceImpl.java:[72,30] cannot find symbol
[ERROR]   symbol:   method getType()
[ERROR]   location: variable request of type com.smartcampus.dto.ResourceDTO.ResourceRequest
[ERROR] /C:/Users/WW/Desktop/PAF-Project/Smart-Campus-Operations-Hub/backend/src/main/java/com/smartcampus/service/impl/ResourceServiceImpl.java:[73,34] cannot find symbol
[ERROR]   symbol:   method getLocation()
[ERROR]   location: variable request of type com.smartcampus.dto.ResourceDTO.ResourceRequest
[ERROR] /C:/Users/WW/Desktop/PAF-Project/Smart-Campus-Operations-Hub/backend/src/main/java/com/smartcampus/service/impl/ResourceServiceImpl.java:[74,34] cannot find symbol
[ERROR]   symbol:   method getCapacity()
[ERROR]   location: variable request of type com.smartcampus.dto.ResourceDTO.ResourceRequest
[ERROR] /C:/Users/WW/Desktop/PAF-Project/Smart-Campus-Operations-Hub/backend/src/main/java/com/smartcampus/service/impl/ResourceServiceImpl.java:[75,37] cannot find symbol
[ERROR]   symbol:   method getIsAvailable()
[ERROR]   location: variable request of type com.smartcampus.dto.ResourceDTO.ResourceRequest
[ERROR] /C:/Users/WW/Desktop/PAF-Project/Smart-Campus-Operations-Hub/backend/src/main/java/com/smartcampus/service/impl/ResourceServiceImpl.java:[75,72] cannot find symbol
[ERROR]   symbol:   method getIsAvailable()
[ERROR]   location: variable request of type com.smartcampus.dto.ResourceDTO.ResourceRequest
[ERROR] /C:/Users/WW/Desktop/PAF-Project/Smart-Campus-Operations-Hub/backend/src/main/java/com/smartcampus/service/impl/ResourceServiceImpl.java:[88,33] cannot find symbol
[ERROR]   symbol:   method getName()
[ERROR]   location: variable request of type com.smartcampus.dto.ResourceDTO.ResourceRequest
[ERROR] /C:/Users/WW/Desktop/PAF-Project/Smart-Campus-Operations-Hub/backend/src/main/java/com/smartcampus/service/impl/ResourceServiceImpl.java:[89,40] cannot find symbol
[ERROR]   symbol:   method getDescription()
[ERROR]   location: variable request of type com.smartcampus.dto.ResourceDTO.ResourceRequest
[ERROR] /C:/Users/WW/Desktop/PAF-Project/Smart-Campus-Operations-Hub/backend/src/main/java/com/smartcampus/service/impl/ResourceServiceImpl.java:[90,33] cannot find symbol
[ERROR]   symbol:   method getType()
[ERROR]   location: variable request of type com.smartcampus.dto.ResourceDTO.ResourceRequest
[ERROR] /C:/Users/WW/Desktop/PAF-Project/Smart-Campus-Operations-Hub/backend/src/main/java/com/smartcampus/service/impl/ResourceServiceImpl.java:[91,37] cannot find symbol
[ERROR]   symbol:   method getLocation()
[ERROR]   location: variable request of type com.smartcampus.dto.ResourceDTO.ResourceRequest
[ERROR] /C:/Users/WW/Desktop/PAF-Project/Smart-Campus-Operations-Hub/backend/src/main/java/com/smartcampus/service/impl/ResourceServiceImpl.java:[92,37] cannot find symbol
[ERROR]   symbol:   method getCapacity()
[ERROR]   location: variable request of type com.smartcampus.dto.ResourceDTO.ResourceRequest
[ERROR] /C:/Users/WW/Desktop/PAF-Project/Smart-Campus-Operations-Hub/backend/src/main/java/com/smartcampus/service/impl/ResourceServiceImpl.java:[93,20] cannot find symbol
[ERROR]   symbol:   method getIsAvailable()
[ERROR]   location: variable request of type com.smartcampus.dto.ResourceDTO.ResourceRequest
[ERROR] /C:/Users/WW/Desktop/PAF-Project/Smart-Campus-Operations-Hub/backend/src/main/java/com/smartcampus/service/impl/ResourceServiceImpl.java:[93,78] cannot find symbol
[ERROR]   symbol:   method getIsAvailable()
[ERROR]   location: variable request of type com.smartcampus.dto.ResourceDTO.ResourceRequest
[ERROR] /C:/Users/WW/Desktop/PAF-Project/Smart-Campus-Operations-Hub/backend/src/main/java/com/smartcampus/service/impl/ResourceServiceImpl.java:[109,44] cannot find symbol
[ERROR]   symbol:   method builder()
[ERROR]   location: class com.smartcampus.dto.ResourceDTO.ResourceResponse
[ERROR] /C:/Users/WW/Desktop/PAF-Project/Smart-Campus-Operations-Hub/backend/src/main/java/com/smartcampus/service/impl/ResourceServiceImpl.java:[110,29] cannot find symbol
[ERROR]   symbol:   method getId()
[ERROR]   location: variable resource of type com.smartcampus.model.Resource
[ERROR] /C:/Users/WW/Desktop/PAF-Project/Smart-Campus-Operations-Hub/backend/src/main/java/com/smartcampus/service/impl/ResourceServiceImpl.java:[111,31] cannot find symbol
[ERROR]   symbol:   method getName()
[ERROR]   location: variable resource of type com.smartcampus.model.Resource
[ERROR] /C:/Users/WW/Desktop/PAF-Project/Smart-Campus-Operations-Hub/backend/src/main/java/com/smartcampus/service/impl/ResourceServiceImpl.java:[112,38] cannot find symbol
[ERROR]   symbol:   method getDescription()
[ERROR]   location: variable resource of type com.smartcampus.model.Resource
[ERROR] /C:/Users/WW/Desktop/PAF-Project/Smart-Campus-Operations-Hub/backend/src/main/java/com/smartcampus/service/impl/ResourceServiceImpl.java:[113,31] cannot find symbol
[ERROR]   symbol:   method getType()
[ERROR]   location: variable resource of type com.smartcampus.model.Resource
[ERROR] -> [Help 1]
[ERROR] 
[ERROR] To see the full stack trace of the errors, re-run Maven with the -e switch.
[ERROR] Re-run Maven using the -X switch to enable full debug logging.
[ERROR] 
[ERROR] For more information about the errors and possible solutions, please read the following articles:
[ERROR] [Help 1] http://cwiki.apache.org/confluence/display/MAVEN/MojoFailureException
